// Jest Snapshot v1, https://goo.gl/fbAQLP

exports[`When WeakMap is not available throws 1`] = `"\`setFutureState\` requires WeakMap to be available. Consider including a polyfill such as core-js."`;
